2026-05-14 19:41:41,729 - Mock Version: 6.7
2026-05-14 19:41:41,733 - Start(bootstrap): chroot init
2026-05-14 19:41:41,743 - Start(bootstrap): cleaning package manager metadata
2026-05-14 19:41:41,743 - Finish(bootstrap): cleaning package manager metadata
2026-05-14 19:41:42,011 - Finish(bootstrap): chroot init
2026-05-14 19:41:42,012 - Start: chroot init
2026-05-14 19:41:42,018 - Start: unpacking root cache
2026-05-14 19:41:42,817 - Finish: unpacking root cache
2026-05-14 19:41:42,819 - Start: cleaning package manager metadata
2026-05-14 19:41:42,822 - Finish: cleaning package manager metadata
2026-05-14 19:41:43,127 - Start: dnf4 update
2026-05-14 19:41:53,757 - Finish: dnf4 update
2026-05-14 19:41:54,023 - Finish: chroot init
2026-05-14 19:41:54,023 - Start: build phase for nginx-1.30.1-1.alma10.ngx.src.rpm
2026-05-14 19:41:54,023 - Start: build setup for nginx-1.30.1-1.alma10.ngx.src.rpm
2026-05-14 19:42:46,658 - Finish: build setup for nginx-1.30.1-1.alma10.ngx.src.rpm
2026-05-14 19:42:46,658 - Start: rpmbuild nginx-1.30.1-1.alma10.ngx.src.rpm
2026-05-14 19:42:46,659 - Start: Outputting list of installed packages
2026-05-14 19:42:46,928 - Finish: Outputting list of installed packages
2026-05-14 23:47:29,702 - Finish: rpmbuild nginx-1.30.1-1.alma10.ngx.src.rpm
2026-05-14 23:47:29,743 - Finish: build phase for nginx-1.30.1-1.alma10.ngx.src.rpm
2026-05-14 23:47:29,755 - Finish: run
